// Jest Snapshot v1, https://goo.gl/fbAQLP

exports[`Continuable concat 1`] = `
[
  1,
  2,
  3,
  4,
  5,
  6,
  7,
  8,
  9,
]
`;

exports[`Continuable concat 2`] = `
[
  1,
  2,
  3,
  4,
  5,
  6,
  7,
  8,
  9,
  1.1,
  2.1,
  3.1,
  4.1,
]
`;

exports[`Continuable concat 3`] = `
[
  1,
  2,
  3,
  4,
  5,
  6,
  7,
  8,
  9,
  1,
  2,
  3,
  4,
  5,
  6,
  7,
  8,
  9,
]
`;

exports[`Continuable concat 4`] = `
[
  1,
  2,
  3,
  4,
  5,
  6,
  7,
  8,
  9,
  1,
  2,
  3,
  4,
  5,
  6,
  7,
  8,
  9,
]
`;

exports[`Continuable concat 5`] = `
[
  1,
  2,
  3,
  4,
  5,
  6,
  7,
  8,
  9,
  1,
  2,
  3,
  4,
  5,
  6,
  7,
  8,
  9,
  1,
  2,
  3,
  4,
  5,
  6,
  7,
  8,
  9,
  1,
  2,
  3,
  4,
  5,
  6,
  7,
  8,
  9,
]
`;

exports[`Continuable filter 1`] = `
[
  2,
  4,
  6,
  8,
]
`;

exports[`Continuable map + map 1`] = `
[
  1,
  1.4142135623730951,
  1.7320508075688772,
  2,
  2.23606797749979,
  2.449489742783178,
  2.6457513110645907,
  2.8284271247461903,
  3,
]
`;

exports[`Continuable map + map 2`] = `
[
  1,
  2.0000000000000004,
  2.9999999999999996,
  4,
  5.000000000000001,
  5.999999999999999,
  7.000000000000001,
  8.000000000000002,
  9,
]
`;

exports[`Continuable map + map 3`] = `
[
  1,
  4.000000000000002,
  8.999999999999998,
  16,
  25.00000000000001,
  35.99999999999999,
  49.000000000000014,
  64.00000000000003,
  81,
]
`;

exports[`Continuable map 1`] = `
[
  1,
  1.4142135623730951,
  1.7320508075688772,
  2,
  2.23606797749979,
  2.449489742783178,
  2.6457513110645907,
  2.8284271247461903,
  3,
]
`;

exports[`Continuable slice 1`] = `
[
  2,
  3,
  4,
]
`;

exports[`Continuable splice 1`] = `[]`;

exports[`Continuable splice 2`] = `
[
  1,
  2,
  3,
  4,
  5,
  6,
  7,
  8,
  9,
]
`;

exports[`Continuable splice 3`] = `
[
  2,
  3,
  4,
  5,
]
`;

exports[`Continuable splice 4`] = `
[
  1,
  6,
  7,
  8,
  9,
]
`;

exports[`Continuable splice 5`] = `
[
  2,
  3,
  4,
  5,
]
`;

exports[`Continuable splice 6`] = `
[
  1,
  1.2,
  2.2,
  6,
  7,
  8,
  9,
]
`;

exports[`Continuable splice 7`] = `
[
  1,
  2,
  3,
  4,
  5,
  6,
  7,
  8,
  9,
]
`;

exports[`Continuable splice 8`] = `[]`;
